Time slot   0
ld_routine
Time slot   1
	Loaded a process at input/proc/evict_stream, PID: 1 PRIO: 130
	CPU 0: Dispatched process  1
Time slot   2
	CPU 0: Put process  1 to run queue
	CPU 0: Dispatched process  1
[MM] pg_getpage: pid=1 pgn=0 page_fault_cnt=1
Time slot   3
	CPU 0: Put process  1 to run queue
	CPU 0: Dispatched process  1
Time slot   4
	CPU 0: Put process  1 to run queue
	CPU 0: Dispatched process  1
Time slot   5
	CPU 0: Put process  1 to run queue
	CPU 0: Dispatched process  1
Time slot   6
	CPU 0: Put process  1 to run queue
	CPU 0: Dispatched process  1
Time slot   7
	CPU 0: Put process  1 to run queue
	CPU 0: Dispatched process  1
Time slot   8
	CPU 0: Put process  1 to run queue
	CPU 0: Dispatched process  1
Time slot   9
	CPU 0: Put process  1 to run queue
	CPU 0: Dispatched process  1
Time slot  10
	CPU 0: Put process  1 to run queue
	CPU 0: Dispatched process  1
Time slot  11
	CPU 0: Put process  1 to run queue
	CPU 0: Dispatched process  1
Time slot  12
	CPU 0: Put process  1 to run queue
	CPU 0: Dispatched process  1
Time slot  13
	CPU 0: Put process  1 to run queue
	CPU 0: Dispatched process  1
Time slot  14
	CPU 0: Put process  1 to run queue
	CPU 0: Dispatched process  1
Time slot  15
	CPU 0: Put process  1 to run queue
	CPU 0: Dispatched process  1
Time slot  16
	CPU 0: Put process  1 to run queue
	CPU 0: Dispatched process  1
Time slot  17
	CPU 0: Put process  1 to run queue
	CPU 0: Dispatched process  1
Time slot  18
	CPU 0: Put process  1 to run queue
	CPU 0: Dispatched process  1
Time slot  19
	CPU 0: Put process  1 to run queue
	CPU 0: Dispatched process  1
Time slot  20
	CPU 0: Put process  1 to run queue
	CPU 0: Dispatched process  1
Time slot  21
	CPU 0: Put process  1 to run queue
	CPU 0: Dispatched process  1
Time slot  22
	CPU 0: Put process  1 to run queue
	CPU 0: Dispatched process  1
Time slot  23
	CPU 0: Put process  1 to run queue
	CPU 0: Dispatched process  1
Time slot  24
	CPU 0: Put process  1 to run queue
	CPU 0: Dispatched process  1
Time slot  25
	CPU 0: Put process  1 to run queue
	CPU 0: Dispatched process  1
Time slot  26
	CPU 0: Put process  1 to run queue
	CPU 0: Dispatched process  1
Time slot  27
	CPU 0: Put process  1 to run queue
	CPU 0: Dispatched process  1
Time slot  28
	CPU 0: Put process  1 to run queue
	CPU 0: Dispatched process  1
Time slot  29
	CPU 0: Put process  1 to run queue
	CPU 0: Dispatched process  1
Time slot  30
	CPU 0: Put process  1 to run queue
	CPU 0: Dispatched process  1
Time slot  31
	CPU 0: Put process  1 to run queue
	CPU 0: Dispatched process  1
Time slot  32
	CPU 0: Put process  1 to run queue
	CPU 0: Dispatched process  1
Time slot  33
	CPU 0: Put process  1 to run queue
	CPU 0: Dispatched process  1
Time slot  34
	CPU 0: Put process  1 to run queue
	CPU 0: Dispatched process  1
Time slot  35
	CPU 0: Put process  1 to run queue
	CPU 0: Dispatched process  1
Time slot  36
	CPU 0: Put process  1 to run queue
	CPU 0: Dispatched process  1
Time slot  37
	CPU 0: Put process  1 to run queue
	CPU 0: Dispatched process  1
Time slot  38
	CPU 0: Put process  1 to run queue
	CPU 0: Dispatched process  1
Time slot  39
	CPU 0: Put process  1 to run queue
	CPU 0: Dispatched process  1
Time slot  40
	CPU 0: Put process  1 to run queue
	CPU 0: Dispatched process  1
Time slot  41
	CPU 0: Put process  1 to run queue
	CPU 0: Dispatched process  1
Time slot  42
	CPU 0: Put process  1 to run queue
	CPU 0: Dispatched process  1
Time slot  43
	CPU 0: Put process  1 to run queue
	CPU 0: Dispatched process  1
Time slot  44
	CPU 0: Put process  1 to run queue
	CPU 0: Dispatched process  1
Time slot  45
	CPU 0: Put process  1 to run queue
	CPU 0: Dispatched process  1
Time slot  46
	CPU 0: Put process  1 to run queue
	CPU 0: Dispatched process  1
Time slot  47
	CPU 0: Put process  1 to run queue
	CPU 0: Dispatched process  1
Time slot  48
	CPU 0: Put process  1 to run queue
	CPU 0: Dispatched process  1
Time slot  49
	CPU 0: Put process  1 to run queue
	CPU 0: Dispatched process  1
Time slot  50
	CPU 0: Put process  1 to run queue
	CPU 0: Dispatched process  1
Time slot  51
	CPU 0: Put process  1 to run queue
	CPU 0: Dispatched process  1
Time slot  52
	CPU 0: Put process  1 to run queue
	CPU 0: Dispatched process  1
Time slot  53
	CPU 0: Put process  1 to run queue
	CPU 0: Dispatched process  1
Time slot  54
	CPU 0: Put process  1 to run queue
	CPU 0: Dispatched process  1
Time slot  55
	CPU 0: Put process  1 to run queue
	CPU 0: Dispatched process  1
Time slot  56
	CPU 0: Put process  1 to run queue
	CPU 0: Dispatched process  1
Time slot  57
	CPU 0: Put process  1 to run queue
	CPU 0: Dispatched process  1
Time slot  58
	CPU 0: Put process  1 to run queue
	CPU 0: Dispatched process  1
Time slot  59
	CPU 0: Put process  1 to run queue
	CPU 0: Dispatched process  1
Time slot  60
	CPU 0: Put process  1 to run queue
	CPU 0: Dispatched process  1
Time slot  61
	CPU 0: Put process  1 to run queue
	CPU 0: Dispatched process  1
Time slot  62
	CPU 0: Put process  1 to run queue
	CPU 0: Dispatched process  1
Time slot  63
	CPU 0: Put process  1 to run queue
	CPU 0: Dispatched process  1
Time slot  64
	CPU 0: Put process  1 to run queue
	CPU 0: Dispatched process  1
Time slot  65
	CPU 0: Processed  1 has finished
	CPU 0 stopped
MM64 statistics:
  memory accesses   : 63
  pgtbl accesses    : 127
  page faults       : 1
  page replacements : 0
  swap in           : 0
  swap out          : 0
  pgtbl storage      : 20480 bytes
