Time slot   0
ld_routine
Time slot   1
	Loaded a process at input/proc/force1, PID: 1 PRIO: 130
Time slot   2
	CPU 1: Dispatched process  1
	Loaded a process at input/proc/force2, PID: 2 PRIO: 120
Time slot   3
	CPU 0: Dispatched process  2
	CPU 1: Put process  1 to run queue
	CPU 1: Dispatched process  1
Time slot   4
Time slot   5
	CPU 0: Put process  2 to run queue
	CPU 0: Dispatched process  2
	CPU 1: Put process  1 to run queue
	CPU 1: Dispatched process  1
Time slot   6
Time slot   7
	CPU 0: Put process  2 to run queue
	CPU 0: Dispatched process  2
	CPU 1: Put process  1 to run queue
	CPU 1: Dispatched process  1
Time slot   8
Time slot   9
	CPU 0: Put process  2 to run queue
	CPU 0: Dispatched process  2
	CPU 1: Put process  1 to run queue
	CPU 1: Dispatched process  1
Time slot  10
Time slot  11
	CPU 0: Put process  2 to run queue
	CPU 0: Dispatched process  2
	CPU 1: Put process  1 to run queue
	CPU 1: Dispatched process  1
Time slot  12
Time slot  13
	CPU 0: Put process  2 to run queue
	CPU 0: Dispatched process  2
	CPU 1: Put process  1 to run queue
	CPU 1: Dispatched process  1
Time slot  14
Time slot  15
	CPU 0: Put process  2 to run queue
	CPU 0: Dispatched process  2
	CPU 1: Put process  1 to run queue
	CPU 1: Dispatched process  1
Time slot  16
Time slot  17
	CPU 0: Put process  2 to run queue
	CPU 0: Dispatched process  2
	CPU 1: Put process  1 to run queue
	CPU 1: Dispatched process  1
Time slot  18
Time slot  19
	CPU 0: Put process  2 to run queue
	CPU 0: Dispatched process  2
	CPU 1: Put process  1 to run queue
Time slot  20
	CPU 1: Dispatched process  1
Time slot  21
	CPU 0: Put process  2 to run queue
	CPU 0: Dispatched process  2
	CPU 1: Put process  1 to run queue
Time slot  22
	CPU 1: Dispatched process  1
Time slot  23
	CPU 0: Put process  2 to run queue
	CPU 0: Dispatched process  2
	CPU 1: Put process  1 to run queue
	CPU 1: Dispatched process  1
Time slot  24
Time slot  25
	CPU 0: Put process  2 to run queue
	CPU 0: Dispatched process  2
	CPU 1: Put process  1 to run queue
Time slot  26
	CPU 1: Dispatched process  1
Time slot  27
	CPU 0: Put process  2 to run queue
	CPU 0: Dispatched process  2
	CPU 1: Put process  1 to run queue
	CPU 1: Dispatched process  1
Time slot  28
Time slot  29
	CPU 0: Put process  2 to run queue
	CPU 0: Dispatched process  2
	CPU 1: Put process  1 to run queue
	CPU 1: Dispatched process  1
Time slot  30
Time slot  31
	CPU 0: Put process  2 to run queue
	CPU 0: Dispatched process  2
	CPU 1: Put process  1 to run queue
Time slot  32
	CPU 1: Dispatched process  1
Time slot  33
	CPU 0: Put process  2 to run queue
	CPU 0: Dispatched process  2
	CPU 1: Put process  1 to run queue
	CPU 1: Dispatched process  1
Time slot  34
Time slot  35
	CPU 0: Put process  2 to run queue
	CPU 0: Dispatched process  2
	CPU 1: Put process  1 to run queue
	CPU 1: Dispatched process  1
Time slot  36
Time slot  37
	CPU 0: Put process  2 to run queue
	CPU 0: Dispatched process  2
Time slot  38
	CPU 1: Put process  1 to run queue
	CPU 1: Dispatched process  1
Time slot  39
	CPU 0: Put process  2 to run queue
	CPU 0: Dispatched process  2
	CPU 1: Put process  1 to run queue
	CPU 1: Dispatched process  1
Time slot  40
Time slot  41
	CPU 0: Put process  2 to run queue
	CPU 0: Dispatched process  2
	CPU 1: Processed  1 has finished
Time slot  42
	CPU 1 stopped
Time slot  43
	CPU 0: Processed  2 has finished
	CPU 0 stopped
MM64 statistics:
  memory accesses   : 74
  pgtbl accesses    : 149
  page faults       : 1
  page replacements : 0
  swap in           : 0
  swap out          : 0
  pgtbl storage      : 40960 bytes
