Time slot   0
ld_routine
	Loaded a process at input/proc/sc1, PID: 1 PRIO: 15
Time slot   1
	CPU 0: Dispatched process  1
==================================================
KERNEL INTERFACE: ACTIVE SYSTEM CALL VECTOR TABLE
==================================================
  0 sys_listsyscall
  17 sys_memmap
==================================================
Time slot   2
	CPU 0: Processed  1 has finished
	CPU 0 stopped
MM64 statistics:
  memory accesses   : 0
  pgtbl accesses    : 0
  page faults       : 0
  page replacements : 0
  swap in           : 0
  swap out          : 0
  pgtbl storage      : 20480 bytes
